// Vitest Snapshot v1, https://vitest.dev/guide/snapshot.html

exports[`createElement > renders different DOM elements 1`] = `<span />`;

exports[`createElement > renders different DOM elements 2`] = `<main />`;

exports[`createElement > renders different DOM elements 3`] = `
<svg>
  <image
    href="#href"
  />
</svg>
`;
